// Jest Snapshot v1, https://goo.gl/fbAQLP

exports[`SelectForm tests SelectForm Snapshot 1`] = `
<DocumentFragment>
  <div
    class="select-form w-100"
  >
    <div
      class="MuiFormControl-root makeStyles-formControl-1"
    >
      <label
        class="MuiFormLabel-root MuiInputLabel-root MuiInputLabel-formControl MuiInputLabel-animated MuiInputLabel-outlined"
        data-shrink="false"
        id="select-undefined"
      />
      <div
        class="MuiInputBase-root MuiOutlinedInput-root MuiInputBase-formControl"
      >
        <div
          aria-haspopup="listbox"
          aria-labelledby="select-undefined select-undefined"
          class="MuiSelect-root MuiSelect-select MuiSelect-selectMenu MuiSelect-outlined MuiInputBase-input MuiOutlinedInput-input"
          id="select-undefined"
          role="button"
          tabindex="0"
        >
          <span>
            ​
          </span>
        </div>
        <input
          aria-hidden="true"
          class="MuiSelect-nativeInput"
          tabindex="-1"
          value=""
        />
        <svg
          aria-hidden="true"
          class="MuiSvgIcon-root MuiSelect-icon MuiSelect-iconOutlined"
          focusable="false"
          viewBox="0 0 24 24"
        >
          <path
            d="M7 10l5 5 5-5z"
          />
        </svg>
        <fieldset
          aria-hidden="true"
          class="PrivateNotchedOutline-root-3 MuiOutlinedInput-notchedOutline"
        >
          <legend
            class="PrivateNotchedOutline-legendLabelled-5"
          >
            <span>
              ​
            </span>
          </legend>
        </fieldset>
      </div>
    </div>
  </div>
</DocumentFragment>
`;
